
=== RACI EVIDENCE ===
RACI Validation Valid: true, Errors: 0
AI Agent Commit Result -> Success: false, Reason: AI Agent is never allowed to commit.
Procurement Head Commit Result -> Success: true, New Status: approved

=== KRALJIC EVIDENCE ===
Total Materials: 40
[MAT-1] | Q: Bottleneck   | Supply Risk:  67.7 | Profit Impact:  28.7
[MAT-2] | Q: Strategic    | Supply Risk:  78.8 | Profit Impact:  80.9
[MAT-3] | Q: Non-critical | Supply Risk:  10.1 | Profit Impact:  38.5
[MAT-4] | Q: Non-critical | Supply Risk:  15.0 | Profit Impact:   3.6
[MAT-5] | Q: Non-critical | Supply Risk:  10.1 | Profit Impact:  44.8
[MAT-6] | Q: Bottleneck   | Supply Risk:  71.8 | Profit Impact:  35.2
[MAT-7] | Q: Bottleneck   | Supply Risk:  66.6 | Profit Impact:  31.5
[MAT-8] | Q: Non-critical | Supply Risk:  25.7 | Profit Impact:   7.6
[MAT-9] | Q: Non-critical | Supply Risk:  19.9 | Profit Impact:   9.6
[MAT-10] | Q: Non-critical | Supply Risk:  14.1 | Profit Impact:   4.2
[MAT-11] | Q: Strategic    | Supply Risk:  69.2 | Profit Impact:  83.7
[MAT-12] | Q: Non-critical | Supply Risk:  23.3 | Profit Impact:   4.5
[MAT-13] | Q: Non-critical | Supply Risk:  19.5 | Profit Impact:   6.4
[MAT-14] | Q: Leverage     | Supply Risk:  14.4 | Profit Impact:  55.4
[MAT-15] | Q: Non-critical | Supply Risk:  11.5 | Profit Impact:   9.9
[MAT-16] | Q: Strategic    | Supply Risk:  82.5 | Profit Impact:  73.7
[MAT-17] | Q: Bottleneck   | Supply Risk:  67.4 | Profit Impact:  23.0
[MAT-18] | Q: Bottleneck   | Supply Risk:  74.8 | Profit Impact:  33.5
[MAT-19] | Q: Non-critical | Supply Risk:  19.1 | Profit Impact:   3.4
[MAT-20] | Q: Bottleneck   | Supply Risk:  71.6 | Profit Impact:  27.3
[MAT-21] | Q: Bottleneck   | Supply Risk:  69.3 | Profit Impact:  23.5
[MAT-22] | Q: Bottleneck   | Supply Risk:  70.3 | Profit Impact:  35.3
[MAT-23] | Q: Leverage     | Supply Risk:  12.1 | Profit Impact:  55.7
[MAT-24] | Q: Leverage     | Supply Risk:  20.1 | Profit Impact:  55.9
[MAT-25] | Q: Strategic    | Supply Risk:  82.4 | Profit Impact:  94.3
[MAT-26] | Q: Strategic    | Supply Risk:  72.0 | Profit Impact:  64.0
[MAT-27] | Q: Non-critical | Supply Risk:  19.5 | Profit Impact:   6.7
[MAT-28] | Q: Non-critical | Supply Risk:  11.1 | Profit Impact:  36.5
[MAT-29] | Q: Strategic    | Supply Risk:  79.2 | Profit Impact:  78.4
[MAT-30] | Q: Non-critical | Supply Risk:  11.6 | Profit Impact:   3.6
[MAT-31] | Q: Bottleneck   | Supply Risk:  75.3 | Profit Impact:  32.5
[MAT-32] | Q: Strategic    | Supply Risk:  71.4 | Profit Impact:  78.3
[MAT-33] | Q: Bottleneck   | Supply Risk:  70.3 | Profit Impact:  34.7
[MAT-34] | Q: Non-critical | Supply Risk:  21.9 | Profit Impact:  36.3
[MAT-35] | Q: Non-critical | Supply Risk:  19.4 | Profit Impact:   5.2
[MAT-36] | Q: Bottleneck   | Supply Risk:  76.0 | Profit Impact:  35.2
[MAT-37] | Q: Non-critical | Supply Risk:  15.5 | Profit Impact:  41.2
[MAT-38] | Q: Non-critical | Supply Risk:  34.0 | Profit Impact:   9.1
[MAT-39] | Q: Bottleneck   | Supply Risk:  73.7 | Profit Impact:  31.7
[MAT-40] | Q: Non-critical | Supply Risk:  31.2 | Profit Impact:   8.5

Counts -> Strategic: 7 | Leverage: 3 | Bottleneck: 12 | Non-critical: 18

Fully Worked Score Example: MAT-1
Raw supply factors -> Concentration: 100.0, Switching: 18.5, LTV: 40.0, Geo: 80.0
Weighted Supply Risk: 67.69
Raw profit factors -> Spend: 3.4, CostEff: 50.0, RevCrit: 60.0
Weighted Profit Impact: 28.72
Bottleneck-to-Inventory uplift request enqueue example:
Enqueued: approve reorder, Before: {"stock":"Low"}, After: {"stock":"Replenishing"}

=== MONTE CARLO EVIDENCE ===
Inherent Risk (Nagpur->Raipur with disruptions)
P50: 0.51d | P90: 1.36d | P95: 1.94d
CVaR(95%): ₹14175
Fitted Parameters -> Lognormal LT (μ: -0.69, σ: ... computed internally)

Residual Risk (Mitigated disruptions)
P50: 0.49d | P90: 0.65d | P95: 0.73d
CVaR(95%): ₹2379

Heat-Map Before/After (3 Simulated Risks):
Risk 1 (Monsoon): Inherent (Likelihood: 3, Impact: 4) -> Residual (Likelihood: 1, Impact: 4)
Risk 2 (Supplier): Inherent (Likelihood: 2, Impact: 5) -> Residual (Likelihood: 1, Impact: 5)
Risk 3 (WH Outage): Inherent (Likelihood: 1, Impact: 2) -> Residual (Likelihood: 1, Impact: 2)
