npm WARN EBADENGINE Unsupported engine {
npm WARN EBADENGINE   package: '@asamuzakjp/css-color@7.0.1',
npm WARN EBADENGINE   required: { node: '^22.22.2 || ^24.15.0 || >=26.0.0' },
npm WARN EBADENGINE   current: { node: 'v20.11.0', npm: '10.2.4' }
npm WARN EBADENGINE }
npm WARN EBADENGINE Unsupported engine {
npm WARN EBADENGINE   package: '@asamuzakjp/dom-selector@9.2.1',
npm WARN EBADENGINE   required: { node: '^22.22.2 || ^24.15.0 || >=26.0.0' },
npm WARN EBADENGINE   current: { node: 'v20.11.0', npm: '10.2.4' }
npm WARN EBADENGINE }
npm WARN EBADENGINE Unsupported engine {
npm WARN EBADENGINE   package: '@csstools/color-helpers@6.1.2',
npm WARN EBADENGINE   required: { node: '>=20.19.0' },
npm WARN EBADENGINE   current: { node: 'v20.11.0', npm: '10.2.4' }
npm WARN EBADENGINE }
npm WARN EBADENGINE Unsupported engine {
npm WARN EBADENGINE   package: '@csstools/css-calc@3.4.1',
npm WARN EBADENGINE   required: { node: '>=20.19.0' },
npm WARN EBADENGINE   current: { node: 'v20.11.0', npm: '10.2.4' }
npm WARN EBADENGINE }
npm WARN EBADENGINE Unsupported engine {
npm WARN EBADENGINE   package: '@csstools/css-color-parser@4.2.4',
npm WARN EBADENGINE   required: { node: '>=20.19.0' },
npm WARN EBADENGINE   current: { node: 'v20.11.0', npm: '10.2.4' }
npm WARN EBADENGINE }
npm WARN EBADENGINE Unsupported engine {
npm WARN EBADENGINE   package: '@csstools/css-parser-algorithms@4.0.1',
npm WARN EBADENGINE   required: { node: '>=20.19.0' },
npm WARN EBADENGINE   current: { node: 'v20.11.0', npm: '10.2.4' }
npm WARN EBADENGINE }
npm WARN EBADENGINE Unsupported engine {
npm WARN EBADENGINE   package: '@csstools/css-tokenizer@4.0.2',
npm WARN EBADENGINE   required: { node: '>=20.19.0' },
npm WARN EBADENGINE   current: { node: 'v20.11.0', npm: '10.2.4' }
npm WARN EBADENGINE }
npm WARN EBADENGINE Unsupported engine {
npm WARN EBADENGINE   package: '@exodus/bytes@1.16.0',
npm WARN EBADENGINE   required: { node: '^20.19.0 || ^22.12.0 || >=24.0.0' },
npm WARN EBADENGINE   current: { node: 'v20.11.0', npm: '10.2.4' }
npm WARN EBADENGINE }
npm WARN EBADENGINE Unsupported engine {
npm WARN EBADENGINE   package: '@mapbox/jsonlint-lines-primitives@2.0.3',
npm WARN EBADENGINE   required: { node: '>= 22' },
npm WARN EBADENGINE   current: { node: 'v20.11.0', npm: '10.2.4' }
npm WARN EBADENGINE }
npm WARN EBADENGINE Unsupported engine {
npm WARN EBADENGINE   package: 'eslint-visitor-keys@5.0.1',
npm WARN EBADENGINE   required: { node: '^20.19.0 || ^22.13.0 || >=24' },
npm WARN EBADENGINE   current: { node: 'v20.11.0', npm: '10.2.4' }
npm WARN EBADENGINE }
npm WARN EBADENGINE Unsupported engine {
npm WARN EBADENGINE   package: 'data-urls@7.0.0',
npm WARN EBADENGINE   required: { node: '^20.19.0 || ^22.12.0 || >=24.0.0' },
npm WARN EBADENGINE   current: { node: 'v20.11.0', npm: '10.2.4' }
npm WARN EBADENGINE }
npm WARN EBADENGINE Unsupported engine {
npm WARN EBADENGINE   package: 'whatwg-url@16.0.1',
npm WARN EBADENGINE   required: { node: '^20.19.0 || ^22.12.0 || >=24.0.0' },
npm WARN EBADENGINE   current: { node: 'v20.11.0', npm: '10.2.4' }
npm WARN EBADENGINE }
npm WARN EBADENGINE Unsupported engine {
npm WARN EBADENGINE   package: 'entities@8.1.0',
npm WARN EBADENGINE   required: { node: '>=20.19.0' },
npm WARN EBADENGINE   current: { node: 'v20.11.0', npm: '10.2.4' }
npm WARN EBADENGINE }
npm WARN EBADENGINE Unsupported engine {
npm WARN EBADENGINE   package: 'html-encoding-sniffer@7.0.0',
npm WARN EBADENGINE   required: { node: '^22.13.0 || >=24.0.0' },
npm WARN EBADENGINE   current: { node: 'v20.11.0', npm: '10.2.4' }
npm WARN EBADENGINE }
npm WARN EBADENGINE Unsupported engine {
npm WARN EBADENGINE   package: 'jsdom@30.1.1',
npm WARN EBADENGINE   required: { node: '^22.22.2 || ^24.15.0 || >=26.0.0' },
npm WARN EBADENGINE   current: { node: 'v20.11.0', npm: '10.2.4' }
npm WARN EBADENGINE }
npm WARN EBADENGINE Unsupported engine {
npm WARN EBADENGINE   package: 'undici@8.11.2',
npm WARN EBADENGINE   required: { node: '>=22.19.0' },
npm WARN EBADENGINE   current: { node: 'v20.11.0', npm: '10.2.4' }
npm WARN EBADENGINE }
npm WARN EBADENGINE Unsupported engine {
npm WARN EBADENGINE   package: 'w3c-xmlserializer@6.0.0',
npm WARN EBADENGINE   required: { node: '^22.22.2 || ^24.15.0 || >=26.0.0' },
npm WARN EBADENGINE   current: { node: 'v20.11.0', npm: '10.2.4' }
npm WARN EBADENGINE }
npm WARN EBADENGINE Unsupported engine {
npm WARN EBADENGINE   package: 'whatwg-url@17.1.2',
npm WARN EBADENGINE   required: { node: '^22.14.0 || >=24.0.0' },
npm WARN EBADENGINE   current: { node: 'v20.11.0', npm: '10.2.4' }
npm WARN EBADENGINE }
npm ERR! code ENOTEMPTY
npm ERR! syscall rename
npm ERR! path /Users/sudhanshudeshmukh/Desktop/HUL-SCM-OS/apps/web/node_modules/tailwindcss
npm ERR! dest /Users/sudhanshudeshmukh/Desktop/HUL-SCM-OS/apps/web/node_modules/.tailwindcss-7enaZU5y
npm ERR! errno -66
npm ERR! ENOTEMPTY: directory not empty, rename '/Users/sudhanshudeshmukh/Desktop/HUL-SCM-OS/apps/web/node_modules/tailwindcss' -> '/Users/sudhanshudeshmukh/Desktop/HUL-SCM-OS/apps/web/node_modules/.tailwindcss-7enaZU5y'

npm ERR! A complete log of this run can be found in: /Users/sudhanshudeshmukh/.npm/_logs/2026-09-25T17_13_11_229Z-debug-0.log
